 argument  1 = khe_nwaoints.nw
 


============================== echo of input deck ==============================
start KHe_sodft_grd
echo
Memory 128 mw
title "KHe_sodft_grd"
charge 0

geometry noautoz noautosym nocenter units angstroms
  K   0.00000  0.00000 0.00000
  He   0.00000  0.00000  70000E-4
end

basis "ao basis" spherical print
K s
     2.889   -0.357900   0.079654
     0.8196   0.655080  -0.157670
     0.3127   0.579747  -0.288046
     0.03388  0.015885   0.738296
     0.01725 -0.007494   0.360381
K p
     8.714   -0.032020
     1.089    0.335737
     0.5906   0.430529
     0.2267   0.342939
K p
     0.5906   1.000000
K p
     0.2267   1.000000
He    S
     13.6267000              0.1752300
      1.9993500              0.8934830
He    S
      0.3829930              1.0000000
END

ECP
K nelec 10
K ul
2      4.99889994            -1.96356797
2     14.58220005           -15.53031635
2     44.89559937           -38.57669830
1    141.48350525            -7.30101395
K S
2      2.41030002            33.92499542
2      2.77449989          -117.52191162
2      3.33690000           108.25654602
1      2.22169995             5.80375385
0     12.19449997             3.21023202
K P
2      3.15459990           -69.97570801
2      4.03189993           178.15260315
2      5.16720009          -136.11946106
1     11.33360004             4.43228197
0      1.74329996             4.74835920
END

SO
K p
    2       3.154600        -.845252
    2       4.031900        3.456178
    2       5.167200       -3.072636
    1      11.333600         .052312
    0       1.743300        -.005898
K d
    2       4.998900        -.025066
    2      14.582200         .044370
    2      44.895600         .045586
    1     141.483500         .236567
END

dft
  mult 2
  xc hfexch
end

task sodft aoints
================================================================================


                                         
                                         
 
 
             Northwest Computational Chemistry Package (NWChem) 7.0.1
             --------------------------------------------------------
 
 
                    Environmental Molecular Sciences Laboratory
                       Pacific Northwest National Laboratory
                                Richland, WA 99352
 
                              Copyright (c) 1994-2022
                       Pacific Northwest National Laboratory
                            Battelle Memorial Institute
 
             NWChem is an open-source computational chemistry package
                        distributed under the terms of the
                      Educational Community License (ECL) 2.0
             A copy of the license is included with this distribution
                              in the LICENSE.TXT file
 
                                  ACKNOWLEDGMENT
                                  --------------

            This software and its documentation were developed at the
            EMSL at Pacific Northwest National Laboratory, a multiprogram
            national laboratory, operated for the U.S. Department of Energy
            by Battelle under Contract Number DE-AC05-76RL01830. Support
            for this work was provided by the Department of Energy Office
            of Biological and Environmental Research, Office of Basic
            Energy Sciences, and the Office of Advanced Scientific Computing.


           Job information
           ---------------

    hostname        = r3i2n33
    program         = /p/home/lbelcher/nwchem/bin/LINUX64/nwchem
    date            = Thu Nov 24 14:20:32 2022

    compiled        = Thu_Nov_24_03:22:59_2022
    source          = /p/home/lbelcher/nwchem
    nwchem branch   = 7.0.0
    nwchem revision = nwchem_on_git-4289-g5e150cd
    ga revision     = 5.8.0
    use scalapack   = T
    input           = khe_nwaoints.nw
    prefix          = KHe_sodft_grd.
    data base       = ./KHe_sodft_grd.db
    status          = startup
    nproc           =        1
    time left       =     -1s



           Memory information
           ------------------

    heap     =   33554430 doubles =    256.0 Mbytes
    stack    =   33554427 doubles =    256.0 Mbytes
    global   =   67108864 doubles =    512.0 Mbytes (distinct from heap & stack)
    total    =  134217721 doubles =   1024.0 Mbytes
    verify   = yes
    hardfail = no 


           Directory information
           ---------------------
 
  0 permanent = .
  0 scratch   = .
 
 
 
 
                                NWChem Input Module
                                -------------------
 
 
                                   KHe_sodft_grd
                                   -------------

 Scaling coordinates for geometry "geometry" by  1.889725989
 (inverse scale =  0.529177249)

 
 
                             Geometry "geometry" -> ""
                             -------------------------
 
 Output coordinates in angstroms (scale by  1.889725989 to convert to a.u.)
 
  No.       Tag          Charge          X              Y              Z
 ---- ---------------- ---------- -------------- -------------- --------------
    1 K                   19.0000     0.00000000     0.00000000     0.00000000
    2 He                   2.0000     0.00000000     0.00000000     7.00000000
 
      Atomic Mass 
      ----------- 
 
      K                 38.963710
      He                 4.002600
 

 Effective nuclear repulsion energy (a.u.)       2.8726764946

            Nuclear Dipole moment (a.u.) 
            ----------------------------
        X                 Y               Z
 ---------------- ---------------- ----------------
     0.0000000000     0.0000000000    26.4561638401
 
 
            XYZ format geometry
            -------------------
     2
 geometry
 K                     0.00000000     0.00000000     0.00000000
 He                    0.00000000     0.00000000     7.00000000
 
                      Basis "ao basis" -> "" (spherical)
                      -----
  K (Potassium)
  -------------
            Exponent  Coefficients 
       -------------- ---------------------------------------------------------
  1 S  2.88900000E+00 -0.357900
  1 S  8.19600000E-01  0.655080
  1 S  3.12700000E-01  0.579747
  1 S  3.38800000E-02  0.015885
  1 S  1.72500000E-02 -0.007494
 
  2 S  2.88900000E+00  0.079654
  2 S  8.19600000E-01 -0.157670
  2 S  3.12700000E-01 -0.288046
  2 S  3.38800000E-02  0.738296
  2 S  1.72500000E-02  0.360381
 
  3 P  8.71400000E+00 -0.032020
  3 P  1.08900000E+00  0.335737
  3 P  5.90600000E-01  0.430529
  3 P  2.26700000E-01  0.342939
 
  4 P  5.90600000E-01  1.000000
 
  5 P  2.26700000E-01  1.000000
 
  He (Helium)
  -----------
            Exponent  Coefficients 
       -------------- ---------------------------------------------------------
  1 S  1.36267000E+01  0.175230
  1 S  1.99935000E+00  0.893483
 
  2 S  3.82993000E-01  1.000000
 


 Summary of "ao basis" -> "" (spherical)
 ------------------------------------------------------------------------------
       Tag                 Description            Shells   Functions and Types
 ---------------- ------------------------------  ------  ---------------------
 K                       user specified              5       11   2s3p
 He                      user specified              2        2   2s


                 ECP       "ecp basis" -> "" (cartesian)
                -----
  K (Potassium) Replaces    10 electrons
  --------------------------------------
             Channel    R-exponent     Exponent     Coefficients
         ------------ ---------------------------------------------------------
  1 U L       Both         2.00        4.998900      -1.963568
  1 U L       Both         2.00       14.582200     -15.530316
  1 U L       Both         2.00       44.895599     -38.576698
  1 U L       Both         1.00      141.483505      -7.301014
 
  2 U-s       Both         2.00        2.410300      33.924995
  2 U-s       Both         2.00        2.774500    -117.521912
  2 U-s       Both         2.00        3.336900     108.256546
  2 U-s       Both         1.00        2.221700       5.803754
  2 U-s       Both         0.00       12.194500       3.210232
 
  3 U-p       Both         2.00        3.154600     -69.975708
  3 U-p       Both         2.00        4.031900     178.152603
  3 U-p       Both         2.00        5.167200    -136.119461
  3 U-p       Both         1.00       11.333600       4.432282
  3 U-p       Both         0.00        1.743300       4.748359
 
             SO Potential "so potential" -> ""
                      -----
  K (Potassium)
  -------------
          R-exponent    Exponent     Coefficients 
         ------------ ------------------------------------------------------------
  1 U-p      2.00        3.154600      -0.845252
  1 U-p      2.00        4.031900       3.456178
  1 U-p      2.00        5.167200      -3.072636
  1 U-p      1.00       11.333600       0.052312
  1 U-p      0.00        1.743300      -0.005898
 
  2 U-d      2.00        4.998900      -0.025066
  2 U-d      2.00       14.582200       0.044370
  2 U-d      2.00       44.895600       0.045586
  2 U-d      1.00      141.483500       0.236567
 
  xc_inp: hfexch multiplicative factor not found.
 gk: entered task_aoints
 gk: in task_aoints_doit
 gk: calling dft_pstat_init from sodft_aoints
                                 NWChem DFT Module
                                 -----------------
 
 
                                   KHe_sodft_grd
 
 
 
            General Information
            -------------------
          SCF calculation type: DFT
          Wavefunction type:  spin polarized.
          No. of atoms     :     2
          No. of electrons :    11
           Alpha electrons :     6
            Beta electrons :     5
          Charge           :     0
          Spin multiplicity:     2
          Use of symmetry is: off; symmetry adaption is: off
          Maximum number of iterations:  50
          AO basis - number of functions:    13
                     number of shells:     7
          Convergence on energy requested:  1.00D-06
          Convergence on density requested:  1.00D-05
          Convergence on gradient requested:  5.00D-04
 
              XC Information
              --------------
                     Hartree-Fock (Exact) Exchange  1.000          
 
          Convergence Information
          -----------------------
          Convergence aids based upon iterative change in 
          total energy or number of iterations. 
          Levelshifting, if invoked, occurs when the 
          HOMO/LUMO gap drops below (HL_TOL):  1.00D-02
          DIIS, if invoked, will attempt to extrapolate 
          using up to (NFOCK): 10 stored Fock matrices.

                    Damping( 0%)  Levelshifting(0.5)       DIIS
                  --------------- ------------------- ---------------
          dE  on:    start            ASAP                start   
          dE off:    2 iters         50 iters            50 iters 

 
      Screening Tolerance Information
      -------------------------------
          Density screening/tol_rho:  1.00D-10
          AO Gaussian exp screening on grid/accAOfunc:  14
          CD Gaussian exp screening on grid/accCDfunc:  20
          XC Gaussian exp screening on grid/accXCfunc:  20
          Schwarz screening/accCoul:  1.00D-10

 gk: in sifzwh, aoints=          23
 gk:      vrsion=           1
 gk:      ntitle=           1
 gk:      nsym=           1
 gk:      nbft=          13
 gk:      ninfo=           5
 gk:      nenrgy=           1
 gk:      nmap=           2
           1           1           1          13           5           1
           2
Wrote         30 kinetic    integrals to aoints
Wrote         36 potential  integrals to aoints
Wrote         30 overlap    integrals to aoints
 gk: **** entered int_mom_sifs
 LB: calling sifskh, fsplit =           1
 gk: after int2e_test_mem  owritefile =  F
 number of 2e integrals computed =                    644
 number of 2e integrals written to aoints =                    644
 gk: starting dft cleanup in sodft_aoints
 gk: leaving task_aoints_doit
 gk: leaving task_aoints

 Task  times  cpu:        0.0s     wall:        0.0s
 
 
                                NWChem Input Module
                                -------------------
 
 
 Summary of allocated global arrays
-----------------------------------
  No active global arrays


MA_summarize_allocated_blocks: starting scan ...
heap block 'ecp c2s routines', handle 7, address 0x171196d0:
	type of elements:		double precision
	number of elements:		2084
	address of client space:	0x17119740
	index for client space:		14125837
	total number of bytes:		16792
heap block 'ecp lexical indeces for ecp cen', handle 6, address 0x17119648:
	type of elements:		integer
	number of elements:		1
	address of client space:	0x171196c0
	index for client space:		14125805
	total number of bytes:		136
heap block 'ecp l_C', handle 5, address 0x17117660:
	type of elements:		integer
	number of elements:		1
	address of client space:	0x171176c0
	index for client space:		14124781
	total number of bytes:		120
heap block 'ecp ind_z', handle 4, address 0x17119588:
	type of elements:		integer
	number of elements:		8
	address of client space:	0x17119600
	index for client space:		14125781
	total number of bytes:		192
heap block 'ecp ind_C', handle 3, address 0x171194c8:
	type of elements:		integer
	number of elements:		8
	address of client space:	0x17119540
	index for client space:		14125757
	total number of bytes:		192
heap block 'ecp n_coef_C', handle 2, address 0x17119408:
	type of elements:		integer
	number of elements:		8
	address of client space:	0x17119480
	index for client space:		14125733
	total number of bytes:		192
heap block 'ecp n_prim_C', handle 1, address 0x17119240:
	type of elements:		integer
	number of elements:		40
	address of client space:	0x171192c0
	index for client space:		14125677
	total number of bytes:		456
heap block 'ecp coefficients', handle 0, address 0x17119100:
	type of elements:		double precision
	number of elements:		23
	address of client space:	0x17119180
	index for client space:		14125653
	total number of bytes:		320
heap block 'ecp exponents', handle 63, address 0x17118fb8:
	type of elements:		double precision
	number of elements:		23
	address of client space:	0x17119040
	index for client space:		14125613
	total number of bytes:		328
heap block 'ecp center coords', handle 62, address 0x171175b8:
	type of elements:		double precision
	number of elements:		3
	address of client space:	0x17117640
	index for client space:		14124781
	total number of bytes:		168
heap block 'for txs scratch', handle 61, address 0x171186c8:
	type of elements:		double precision
	number of elements:		270
	address of client space:	0x17118740
	index for client space:		14125325
	total number of bytes:		2288
heap block 'txs-pnl mapping1', handle 59, address 0x17118320:
	type of elements:		double precision
	number of elements:		104
	address of client space:	0x17118380
	index for client space:		14125205
	total number of bytes:		936
heap block 'texas basis/nuc', handle 58, address 0x171179f8:
	type of elements:		double precision
	number of elements:		275
	address of client space:	0x17117a80
	index for client space:		14124917
	total number of bytes:		2344
heap block 'sph 2 cart scale arryy', handle 53, address 0x17117958:
	type of elements:		double precision
	number of elements:		6
	address of client space:	0x171179c0
	index for client space:		14124893
	total number of bytes:		160
heap block 'sph 2 cart trans array cmp', handle 52, address 0x17117898:
	type of elements:		double precision
	number of elements:		10
	address of client space:	0x17117900
	index for client space:		14124869
	total number of bytes:		192
heap block 'sph 2 cart trans array cmp', handle 51, address 0x171177d8:
	type of elements:		double precision
	number of elements:		10
	address of client space:	0x17117840
	index for client space:		14124845
	total number of bytes:		192
heap block ' ptrs array inverse xlm sph 2 c', handle 50, address 0x17117758:
	type of elements:		integer
	number of elements:		2
	address of client space:	0x171177c0
	index for client space:		14124813
	total number of bytes:		128
heap block ' ptrs array xlm sph 2 cart', handle 49, address 0x171176d8:
	type of elements:		integer
	number of elements:		2
	address of client space:	0x17117740
	index for client space:		14124797
	total number of bytes:		128
stack block 'ovl eig vals', handle 42, address 0x371167a8:
	type of elements:		double precision
	number of elements:		13
	address of client space:	0x37116800
	index for client space:		81233189
	total number of bytes:		248
MA_summarize_allocated_blocks: scan completed: 18 heap blocks, 1 stack block
MA usage statistics:

	allocation statistics:
					      heap	     stack
					      ----	     -----
	current number of blocks	        18	         1
	maximum number of blocks	        38	        18
	current total bytes		     25264	       248
	maximum total bytes		     80120	   3050744
	maximum total K-bytes		        81	      3051
	maximum total M-bytes		         1	         4
 
 
                                     CITATION
                                     --------
                Please cite the following reference when publishing
                           results obtained with NWChem:
 
          E. Apra, E. J. Bylaska, W. A. de Jong, N. Govind, K. Kowalski,
       T. P. Straatsma, M. Valiev, H. J. J. van Dam, Y. Alexeev, J. Anchell,
       V. Anisimov, F. W. Aquino, R. Atta-Fynn, J. Autschbach, N. P. Bauman,
     J. C. Becca, D. E. Bernholdt, K. Bhaskaran-Nair, S. Bogatko, P. Borowski,
         J. Boschen, J. Brabec, A. Bruner, E. Cauet, Y. Chen, G. N. Chuev,
      C. J. Cramer, J. Daily, M. J. O. Deegan, T. H. Dunning Jr., M. Dupuis,
   K. G. Dyall, G. I. Fann, S. A. Fischer, A. Fonari, H. Fruchtl, L. Gagliardi,
      J. Garza, N. Gawande, S. Ghosh, K. Glaesemann, A. W. Gotz, J. Hammond,
       V. Helms, E. D. Hermes, K. Hirao, S. Hirata, M. Jacquelin, L. Jensen,
   B. G. Johnson, H. Jonsson, R. A. Kendall, M. Klemm, R. Kobayashi, V. Konkov,
      S. Krishnamoorthy, M. Krishnan, Z. Lin, R. D. Lins, R. J. Littlefield,
      A. J. Logsdail, K. Lopata, W. Ma, A. V. Marenich, J. Martin del Campo,
   D. Mejia-Rodriguez, J. E. Moore, J. M. Mullin, T. Nakajima, D. R. Nascimento,
    J. A. Nichols, P. J. Nichols, J. Nieplocha, A. Otero-de-la-Roza, B. Palmer,
    A. Panyala, T. Pirojsirikul, B. Peng, R. Peverati, J. Pittner, L. Pollack,
   R. M. Richard, P. Sadayappan, G. C. Schatz, W. A. Shelton, D. W. Silverstein,
   D. M. A. Smith, T. A. Soares, D. Song, M. Swart, H. L. Taylor, G. S. Thomas,
            V. Tipparaju, D. G. Truhlar, K. Tsemekhman, T. Van Voorhis,
      A. Vazquez-Mayagoitia, P. Verma, O. Villa, A. Vishnu, K. D. Vogiatzis,
        D. Wang, J. H. Weare, M. J. Williamson, T. L. Windus, K. Wolinski,
        A. T. Wong, Q. Wu, C. Yang, Q. Yu, M. Zacharias, Z. Zhang, Y. Zhao,
                                and R. J. Harrison
                        "NWChem: Past, present, and future
                         J. Chem. Phys. 152, 184102 (2020)
                               doi:10.1063/5.0004997
 
                                      AUTHORS
                                      -------
  E. Apra, E. J. Bylaska, N. Govind, K. Kowalski, M. Valiev, D. Mejia-Rodriguez,
       A. Kunitsa, N. P. Bauman, A. Panyala, W. A. de Jong, T. P. Straatsma,
   H. J. J. van Dam, D. Wang, T. L. Windus, J. Hammond, J. Autschbach, A. Woods,
    K. Bhaskaran-Nair, J. Brabec, K. Lopata, S. A. Fischer, S. Krishnamoorthy,
     M. Jacquelin, W. Ma, M. Klemm, O. Villa, Y. Chen, V. Anisimov, F. Aquino,
     S. Hirata, M. T. Hackler, E. Hermes, L. Jensen, J. E. Moore, J. C. Becca,
      V. Konjkov, T. Risthaus, M. Malagoli, A. Marenich, A. Otero-de-la-Roza,
        J. Mullin, P. Nichols, R. Peverati, J. Pittner, Y. Zhao, P.-D. Fan,
        A. Fonari, M. J. Williamson, R. J. Harrison, J. R. Rehr, M. Dupuis,
     D. Silverstein, D. M. A. Smith, J. Nieplocha, V. Tipparaju, M. Krishnan,
     B. E. Van Kuiken, A. Vazquez-Mayagoitia, M. Swart, Q. Wu, T. Van Voorhis,
     A. A. Auer, M. Nooijen, L. D. Crosby, E. Brown, G. Cisneros, G. I. Fann,
   H. Fruchtl, J. Garza, K. Hirao, R. A. Kendall, J. A. Nichols, K. Tsemekhman,
    K. Wolinski, J. Anchell, D. E. Bernholdt, P. Borowski, T. Clark, D. Clerc,
   H. Dachsel, M. J. O. Deegan, K. Dyall, D. Elwood, E. Glendening, M. Gutowski,
   A. C. Hess, J. Jaffe, B. G. Johnson, J. Ju, R. Kobayashi, R. Kutteh, Z. Lin,
   R. Littlefield, X. Long, B. Meng, T. Nakajima, S. Niu, L. Pollack, M. Rosing,
   K. Glaesemann, G. Sandrone, M. Stave, H. Taylor, G. Thomas, J. H. van Lenthe,
                               A. T. Wong, Z. Zhang.

 Total times  cpu:        0.0s     wall:        0.1s
